<?xml version="1.0" encoding="utf-8"?><testsuites><testsuite name="pytest" errors="0" failures="0" skipped="0" tests="4" time="3.969" timestamp="2024-11-08T23:39:03.125608" hostname="LAPTOP-FNKDDO9H"><testcase classname="tests.model.test_model.TestModel" name="test_model_fit" time="0.462" /><testcase classname="tests.model.test_model.TestModel" name="test_model_predict" time="0.470" /><testcase classname="tests.model.test_model.TestModel" name="test_model_preprocess_for_serving" time="0.319" /><testcase classname="tests.model.test_model.TestModel" name="test_model_preprocess_for_training" time="0.336" /></testsuite></testsuites>